// Jest Snapshot v1, https://goo.gl/fbAQLP

exports[`it renders component unchanged 1`] = `
<div>
  <ul>
    <li
      class="flex h-full w-full flex-col"
    >
      <p
        class="ml-1.5 mr-1.5 border-b border-solid border-black text-xs leading-none md:text-base"
      >
        Drooling
      </p>
      <div
        class="mx-1 mt-0.5 h-full max-h-3 min-h-2 rounded-3xl bg-white md:mx-0.5 md:max-h-4 lg:max-h-5"
      >
        <div
          class="h-full rounded-3xl w-1/5 bg-[#F03F4B]"
        >
          <p
            class="sr-only"
          >
            1
            /5
          </p>
        </div>
      </div>
    </li>
  </ul>
</div>
`;
